// Jest Snapshot v1, https://goo.gl/fbAQLP

exports[`Carrinho Renderizar listagem de produtos: listagem de produtos 1`] = `
<div>
  <main
    class="principal"
  >
    <h2>
      Minha sacola
    </h2>
    <div
      class="box"
    >
      <div>
        <div
          class="carrinho__grid"
        >
          <div
            class="carrinho__grid__imagem"
          >
            <img
              alt=""
              src="https://static.riachuelo.com.br/RCHLO/13776541005/portrait/8388d930f7a0ad0df4cafcb55355ac1ccc72d06a.jpg"
            />
          </div>
          <div
            class="carrinho__grid__info"
          >
            <p
              class="carrinho__grid__titulo"
            >
              Produto
            </p>
            <p>
              Calça Black Jeans Feminina Skinny Preto
            </p>
          </div>
          <div
            class="carrinho__grid__tamanho"
          >
            <p
              class="carrinho__grid__titulo"
            >
              Tamanho Escolhido
            </p>
            <fieldset
              class="carrinho__grid__tamanho__select"
            >
              <input
                id="p5"
                name="tamanho5"
                type="radio"
              />
              <button
                class="carrinho__tamanho__botao"
              >
                <label
                  for="p5"
                >
                  P
                </label>
              </button>
              <input
                id="m5"
                name="tamanho5"
                type="radio"
              />
              <button
                class="carrinho__tamanho__botao"
              >
                <label
                  for="m5"
                >
                  M
                </label>
              </button>
              <input
                id="g5"
                name="tamanho5"
                type="radio"
              />
              <button
                class="carrinho__tamanho__botao"
              >
                <label
                  for="g5"
                >
                  G
                </label>
              </button>
            </fieldset>
          </div>
          <div
            class="carrinho__valor"
          >
            <p
              class="carrinho__grid__titulo"
            >
              Valor
            </p>
            <p
              class="carrinho__grid__valor"
            >
              55.9
            </p>
          </div>
          <div
            class="carrinho__quantidade"
          >
            <p
              class="carrinho__grid__titulo"
            >
              Quantidade
            </p>
            <input
              id="1"
              max="12"
              min="1"
              name="qtd"
              type="number"
              value=""
            />
          </div>
          <div
            class="subtotal"
          >
            <p
              class="carrinho__grid__titulo"
            >
              Subtotal
            </p>
            <p
              class="carrinho__grid__valor"
            >
              NaN
            </p>
          </div>
        </div>
      </div>
      <div>
        <div
          class="carrinho__grid"
        >
          <div
            class="carrinho__grid__imagem"
          >
            <img
              alt=""
              src="https://static.riachuelo.com.br/RCHLO/14190621002/portrait/57c98408b64b494992da8f5a0661631b07b24e3d.jpg"
            />
          </div>
          <div
            class="carrinho__grid__info"
          >
            <p
              class="carrinho__grid__titulo"
            >
              Produto
            </p>
            <p>
              Camisa Manga Curta Masculina com Bolso
            </p>
          </div>
          <div
            class="carrinho__grid__tamanho"
          >
            <p
              class="carrinho__grid__titulo"
            >
              Tamanho Escolhido
            </p>
            <fieldset
              class="carrinho__grid__tamanho__select"
            >
              <input
                id="p5"
                name="tamanho5"
                type="radio"
              />
              <button
                class="carrinho__tamanho__botao"
              >
                <label
                  for="p5"
                >
                  P
                </label>
              </button>
              <input
                id="m5"
                name="tamanho5"
                type="radio"
              />
              <button
                class="carrinho__tamanho__botao"
              >
                <label
                  for="m5"
                >
                  M
                </label>
              </button>
              <input
                id="g5"
                name="tamanho5"
                type="radio"
              />
              <button
                class="carrinho__tamanho__botao"
              >
                <label
                  for="g5"
                >
                  G
                </label>
              </button>
            </fieldset>
          </div>
          <div
            class="carrinho__valor"
          >
            <p
              class="carrinho__grid__titulo"
            >
              Valor
            </p>
            <p
              class="carrinho__grid__valor"
            >
              75.99
            </p>
          </div>
          <div
            class="carrinho__quantidade"
          >
            <p
              class="carrinho__grid__titulo"
            >
              Quantidade
            </p>
            <input
              id="2"
              max="12"
              min="1"
              name="qtd"
              type="number"
              value=""
            />
          </div>
          <div
            class="subtotal"
          >
            <p
              class="carrinho__grid__titulo"
            >
              Subtotal
            </p>
            <p
              class="carrinho__grid__valor"
            >
              NaN
            </p>
          </div>
        </div>
      </div>
      <div>
        <div
          class="carrinho__grid"
        >
          <div
            class="carrinho__grid__imagem"
          >
            <img
              alt=""
              src="https://static.riachuelo.com.br/RCHLO/14630281001/portrait/286efb86fbe3668e2ec65c06a921a6aac37ff882.jpg"
            />
          </div>
          <div
            class="carrinho__grid__info"
          >
            <p
              class="carrinho__grid__titulo"
            >
              Produto
            </p>
            <p>
              Vestido Curto Feminino Evasê Recorte Floral
            </p>
          </div>
          <div
            class="carrinho__grid__tamanho"
          >
            <p
              class="carrinho__grid__titulo"
            >
              Tamanho Escolhido
            </p>
            <fieldset
              class="carrinho__grid__tamanho__select"
            >
              <input
                id="p5"
                name="tamanho5"
                type="radio"
              />
              <button
                class="carrinho__tamanho__botao"
              >
                <label
                  for="p5"
                >
                  P
                </label>
              </button>
              <input
                id="m5"
                name="tamanho5"
                type="radio"
              />
              <button
                class="carrinho__tamanho__botao"
              >
                <label
                  for="m5"
                >
                  M
                </label>
              </button>
              <input
                id="g5"
                name="tamanho5"
                type="radio"
              />
              <button
                class="carrinho__tamanho__botao"
              >
                <label
                  for="g5"
                >
                  G
                </label>
              </button>
            </fieldset>
          </div>
          <div
            class="carrinho__valor"
          >
            <p
              class="carrinho__grid__titulo"
            >
              Valor
            </p>
            <p
              class="carrinho__grid__valor"
            >
              109.99
            </p>
          </div>
          <div
            class="carrinho__quantidade"
          >
            <p
              class="carrinho__grid__titulo"
            >
              Quantidade
            </p>
            <input
              id="3"
              max="12"
              min="1"
              name="qtd"
              type="number"
              value=""
            />
          </div>
          <div
            class="subtotal"
          >
            <p
              class="carrinho__grid__titulo"
            >
              Subtotal
            </p>
            <p
              class="carrinho__grid__valor"
            >
              NaN
            </p>
          </div>
        </div>
      </div>
      <div>
        <div
          class="carrinho__grid"
        >
          <div
            class="carrinho__grid__imagem"
          >
            <img
              alt=""
              src="https://static.riachuelo.com.br/RCHLO/14327945004/portrait/93dd1b2ac01f6d220c04d73d99633e7f851a83b5.jpg"
            />
          </div>
          <div
            class="carrinho__grid__info"
          >
            <p
              class="carrinho__grid__titulo"
            >
              Produto
            </p>
            <p>
              Camisa Polo Masculina Básica Cinza Turigan
            </p>
          </div>
          <div
            class="carrinho__grid__tamanho"
          >
            <p
              class="carrinho__grid__titulo"
            >
              Tamanho Escolhido
            </p>
            <fieldset
              class="carrinho__grid__tamanho__select"
            >
              <input
                id="p5"
                name="tamanho5"
                type="radio"
              />
              <button
                class="carrinho__tamanho__botao"
              >
                <label
                  for="p5"
                >
                  P
                </label>
              </button>
              <input
                id="m5"
                name="tamanho5"
                type="radio"
              />
              <button
                class="carrinho__tamanho__botao"
              >
                <label
                  for="m5"
                >
                  M
                </label>
              </button>
              <input
                id="g5"
                name="tamanho5"
                type="radio"
              />
              <button
                class="carrinho__tamanho__botao"
              >
                <label
                  for="g5"
                >
                  G
                </label>
              </button>
            </fieldset>
          </div>
          <div
            class="carrinho__valor"
          >
            <p
              class="carrinho__grid__titulo"
            >
              Valor
            </p>
            <p
              class="carrinho__grid__valor"
            >
              84.99
            </p>
          </div>
          <div
            class="carrinho__quantidade"
          >
            <p
              class="carrinho__grid__titulo"
            >
              Quantidade
            </p>
            <input
              id="4"
              max="12"
              min="1"
              name="qtd"
              type="number"
              value=""
            />
          </div>
          <div
            class="subtotal"
          >
            <p
              class="carrinho__grid__titulo"
            >
              Subtotal
            </p>
            <p
              class="carrinho__grid__valor"
            >
              NaN
            </p>
          </div>
        </div>
      </div>
      <div>
        <div
          class="carrinho__grid"
        >
          <div
            class="carrinho__grid__imagem"
          >
            <img
              alt=""
              src="https://static.riachuelo.com.br/RCHLO/14263661004/portrait/f8990b7e94ada9dbee7ddbc4a0e7996f61ce1cf7.jpg"
            />
          </div>
          <div
            class="carrinho__grid__info"
          >
            <p
              class="carrinho__grid__titulo"
            >
              Produto
            </p>
            <p>
              Bermuda Água Masculina Tactel Verão Laranja
            </p>
          </div>
          <div
            class="carrinho__grid__tamanho"
          >
            <p
              class="carrinho__grid__titulo"
            >
              Tamanho Escolhido
            </p>
            <fieldset
              class="carrinho__grid__tamanho__select"
            >
              <input
                id="p5"
                name="tamanho5"
                type="radio"
              />
              <button
                class="carrinho__tamanho__botao"
              >
                <label
                  for="p5"
                >
                  P
                </label>
              </button>
              <input
                id="m5"
                name="tamanho5"
                type="radio"
              />
              <button
                class="carrinho__tamanho__botao"
              >
                <label
                  for="m5"
                >
                  M
                </label>
              </button>
              <input
                id="g5"
                name="tamanho5"
                type="radio"
              />
              <button
                class="carrinho__tamanho__botao"
              >
                <label
                  for="g5"
                >
                  G
                </label>
              </button>
            </fieldset>
          </div>
          <div
            class="carrinho__valor"
          >
            <p
              class="carrinho__grid__titulo"
            >
              Valor
            </p>
            <p
              class="carrinho__grid__valor"
            >
              36.99
            </p>
          </div>
          <div
            class="carrinho__quantidade"
          >
            <p
              class="carrinho__grid__titulo"
            >
              Quantidade
            </p>
            <input
              id="5"
              max="12"
              min="1"
              name="qtd"
              type="number"
              value=""
            />
          </div>
          <div
            class="subtotal"
          >
            <p
              class="carrinho__grid__titulo"
            >
              Subtotal
            </p>
            <p
              class="carrinho__grid__valor"
            >
              NaN
            </p>
          </div>
        </div>
      </div>
      <div>
        <div
          class="carrinho__grid"
        >
          <div
            class="carrinho__grid__imagem"
          >
            <img
              alt=""
              src="https://static.riachuelo.com.br/RCHLO/14196581004/portrait/d6d410bba3e559aad1dac28583863508327d0965.jpg"
            />
          </div>
          <div
            class="carrinho__grid__info"
          >
            <p
              class="carrinho__grid__titulo"
            >
              Produto
            </p>
            <p>
              Bermuda Água Masculina Tactel Verão Azul
            </p>
          </div>
          <div
            class="carrinho__grid__tamanho"
          >
            <p
              class="carrinho__grid__titulo"
            >
              Tamanho Escolhido
            </p>
            <fieldset
              class="carrinho__grid__tamanho__select"
            >
              <input
                id="p5"
                name="tamanho5"
                type="radio"
              />
              <button
                class="carrinho__tamanho__botao"
              >
                <label
                  for="p5"
                >
                  P
                </label>
              </button>
              <input
                id="m5"
                name="tamanho5"
                type="radio"
              />
              <button
                class="carrinho__tamanho__botao"
              >
                <label
                  for="m5"
                >
                  M
                </label>
              </button>
              <input
                id="g5"
                name="tamanho5"
                type="radio"
              />
              <button
                class="carrinho__tamanho__botao"
              >
                <label
                  for="g5"
                >
                  G
                </label>
              </button>
            </fieldset>
          </div>
          <div
            class="carrinho__valor"
          >
            <p
              class="carrinho__grid__titulo"
            >
              Valor
            </p>
            <p
              class="carrinho__grid__valor"
            >
              36.99
            </p>
          </div>
          <div
            class="carrinho__quantidade"
          >
            <p
              class="carrinho__grid__titulo"
            >
              Quantidade
            </p>
            <input
              id="6"
              max="12"
              min="1"
              name="qtd"
              type="number"
              value=""
            />
          </div>
          <div
            class="subtotal"
          >
            <p
              class="carrinho__grid__titulo"
            >
              Subtotal
            </p>
            <p
              class="carrinho__grid__valor"
            >
              NaN
            </p>
          </div>
        </div>
      </div>
      <div>
        <div
          class="carrinho__grid"
        >
          <div
            class="carrinho__grid__imagem"
          >
            <img
              alt=""
              src="https://static.riachuelo.com.br/RCHLO/14428474001/portrait/7ef03efc4422fdf3784543f5598dde8b054dbc05.jpg"
            />
          </div>
          <div
            class="carrinho__grid__info"
          >
            <p
              class="carrinho__grid__titulo"
            >
              Produto
            </p>
            <p>
              Camiseta Masculina Manga Curta Verão Branco
            </p>
          </div>
          <div
            class="carrinho__grid__tamanho"
          >
            <p
              class="carrinho__grid__titulo"
            >
              Tamanho Escolhido
            </p>
            <fieldset
              class="carrinho__grid__tamanho__select"
            >
              <input
                id="p5"
                name="tamanho5"
                type="radio"
              />
              <button
                class="carrinho__tamanho__botao"
              >
                <label
                  for="p5"
                >
                  P
                </label>
              </button>
              <input
                id="m5"
                name="tamanho5"
                type="radio"
              />
              <button
                class="carrinho__tamanho__botao"
              >
                <label
                  for="m5"
                >
                  M
                </label>
              </button>
              <input
                id="g5"
                name="tamanho5"
                type="radio"
              />
              <button
                class="carrinho__tamanho__botao"
              >
                <label
                  for="g5"
                >
                  G
                </label>
              </button>
            </fieldset>
          </div>
          <div
            class="carrinho__valor"
          >
            <p
              class="carrinho__grid__titulo"
            >
              Valor
            </p>
            <p
              class="carrinho__grid__valor"
            >
              42.99
            </p>
          </div>
          <div
            class="carrinho__quantidade"
          >
            <p
              class="carrinho__grid__titulo"
            >
              Quantidade
            </p>
            <input
              id="7"
              max="12"
              min="1"
              name="qtd"
              type="number"
              value=""
            />
          </div>
          <div
            class="subtotal"
          >
            <p
              class="carrinho__grid__titulo"
            >
              Subtotal
            </p>
            <p
              class="carrinho__grid__valor"
            >
              NaN
            </p>
          </div>
        </div>
      </div>
      <div>
        <div
          class="carrinho__grid"
        >
          <div
            class="carrinho__grid__imagem"
          >
            <img
              alt=""
              src="https://static.riachuelo.com.br/RCHLO/14106116003/portrait/180bbff6bbf9b6b492095e3a664c748f81d1e095.jpg"
            />
          </div>
          <div
            class="carrinho__grid__info"
          >
            <p
              class="carrinho__grid__titulo"
            >
              Produto
            </p>
            <p>
              Maiô Tradicional Verão Azul Turquesa
            </p>
          </div>
          <div
            class="carrinho__grid__tamanho"
          >
            <p
              class="carrinho__grid__titulo"
            >
              Tamanho Escolhido
            </p>
            <fieldset
              class="carrinho__grid__tamanho__select"
            >
              <input
                id="p5"
                name="tamanho5"
                type="radio"
              />
              <button
                class="carrinho__tamanho__botao"
              >
                <label
                  for="p5"
                >
                  P
                </label>
              </button>
              <input
                id="m5"
                name="tamanho5"
                type="radio"
              />
              <button
                class="carrinho__tamanho__botao"
              >
                <label
                  for="m5"
                >
                  M
                </label>
              </button>
              <input
                id="g5"
                name="tamanho5"
                type="radio"
              />
              <button
                class="carrinho__tamanho__botao"
              >
                <label
                  for="g5"
                >
                  G
                </label>
              </button>
            </fieldset>
          </div>
          <div
            class="carrinho__valor"
          >
            <p
              class="carrinho__grid__titulo"
            >
              Valor
            </p>
            <p
              class="carrinho__grid__valor"
            >
              36.99
            </p>
          </div>
          <div
            class="carrinho__quantidade"
          >
            <p
              class="carrinho__grid__titulo"
            >
              Quantidade
            </p>
            <input
              id="8"
              max="12"
              min="1"
              name="qtd"
              type="number"
              value=""
            />
          </div>
          <div
            class="subtotal"
          >
            <p
              class="carrinho__grid__titulo"
            >
              Subtotal
            </p>
            <p
              class="carrinho__grid__valor"
            >
              NaN
            </p>
          </div>
        </div>
      </div>
      <div
        class="total"
      >
        <p
          class="total__titulo"
        >
          Total
        </p>
        <p
          class="calc__total"
        >
          R$ 
          NaN
        </p>
        <p
          class="calc__subtotal"
        >
           x 
          55.9
           = 
          NaN
        </p>
        <p
          class="calc__subtotal"
        >
           x 
          75.99
           = 
          NaN
        </p>
        <p
          class="calc__subtotal"
        >
           x 
          109.99
           = 
          NaN
        </p>
        <p
          class="calc__subtotal"
        >
           x 
          84.99
           = 
          NaN
        </p>
        <p
          class="calc__subtotal"
        >
           x 
          36.99
           = 
          NaN
        </p>
        <p
          class="calc__subtotal"
        >
           x 
          36.99
           = 
          NaN
        </p>
        <p
          class="calc__subtotal"
        >
           x 
          42.99
           = 
          NaN
        </p>
        <p
          class="calc__subtotal"
        >
           x 
          36.99
           = 
          NaN
        </p>
        <button
          class="total__botao"
        >
          Ir para pagamento
        </button>
      </div>
    </div>
  </main>
</div>
`;
